// Jest Snapshot v1, https://goo.gl/fbAQLP

exports[`Weather widget Snapshots Weather widget test 1`] = `
<div
  className="grid grid-col-3 grid-flow-col gap-3 box-border items-center h-fit"
>
  <img
    alt="logo"
    className="sm:w-8 md:w-10 lg:w-16 xl:w-20 4xl:w-28 8xl:w-40 sm:object-left sm:scale-150 lg:scale-150"
    src="http://openweathermap.org/img/wn/01n@4x.png"
  />
  <div
    className="justify-center"
  >
    <div
      className="font-light leading-normal sm:text-lg xl:text-2xl 2xl:text-4xl 4xl:text-5xl 8xl:text-6xl"
    >
      1
      Â°
    </div>
    <div
      className="font-light leading-normal sm:text-xs xl:text-base 2xl:text-xl 4xl:text-2xl 8xl:text-3xl"
    >
      Karlsruhe
    </div>
  </div>
  <div
    className="grid grid-rows-3 sm:gap-0 xl:gap-1"
  >
    <div
      className="font-light leading-normal sm:text-xs xl:text-base 2xl:text-xl 4xl:text-2xl 8xl:text-3xl sm:text-left"
    >
      Precipitation: 
      <span
        className="font-medium sm:text-sm xl:text-lg 2xl:text-2xl 4xl:text-3xl 8xl:text-5xl sm:text-left"
      >
        0
      </span>
      %
    </div>
    <div
      className="font-light leading-normal sm:text-xs xl:text-base 2xl:text-xl 4xl:text-2xl 8xl:text-3xl sm:text-left"
    >
      Humidity: 
      <span
        className="font-medium sm:text-sm xl:text-lg 2xl:text-2xl 4xl:text-3xl 8xl:text-5xl sm:text-left"
      >
        71
      </span>
      %
    </div>
    <div
      className="font-light leading-normal sm:text-xs xl:text-base 2xl:text-xl 4xl:text-2xl 8xl:text-3xl sm:text-left"
    >
      Wind: 
      <span
        className="font-medium sm:text-sm xl:text-lg 2xl:text-2xl 4xl:text-3xl 8xl:text-5xl sm:text-left"
      >
        9
      </span>
       km/h
    </div>
  </div>
</div>
`;

exports[`announcementComponent Snapshots announcementComponent Snapshot with announcements 1`] = `
<div
  className="grid grid-flow-row"
>
  <div
    className="font-light leading-normal sm:text-xs lg:text-base xl:text-base 2xl:text-xl 4xl:text-2xl sm:text-left 8xl:text-4xl"
    key="0"
  >
    <b>
      Announcement from alice
       - 
      alice@example.com
       
    </b>
    <br />
    This announcement is from alice
     
    <br />
    <br />
  </div>
  <div
    className="font-light leading-normal sm:text-xs lg:text-base xl:text-base 2xl:text-xl 4xl:text-2xl sm:text-left 8xl:text-4xl"
    key="1"
  >
    <b>
      Bobs Announcement
       - 
      bob
       
    </b>
    <br />
    This is bobs announcement.
     
    <br />
  </div>
</div>
`;

exports[`announcementComponent Snapshots announcementComponent Snapshot without announcements 1`] = `
<div
  className="grid grid-flow-row"
/>
`;
